Archive member included because of file (symbol)

/Users/johnrogers/pebble-dev/PebbleSDK-2.3/Pebble/lib/libpebble.a(tmpAGzHFdpebble.o)
                              src/feature_accel_discs.c.7.o (accel_data_service_unsubscribe)
/Users/johnrogers/pebble-dev/PebbleSDK-2.3/arm-cs-tools/bin/../lib/gcc/arm-none-eabi/4.7.2/thumb2/libgcc.a(_arm_addsubsf3.o)
                              src/feature_accel_discs.c.7.o (__aeabi_i2f)
/Users/johnrogers/pebble-dev/PebbleSDK-2.3/arm-cs-tools/bin/../lib/gcc/arm-none-eabi/4.7.2/thumb2/libgcc.a(_arm_muldivsf3.o)
                              src/feature_accel_discs.c.7.o (__aeabi_fmul)
/Users/johnrogers/pebble-dev/PebbleSDK-2.3/arm-cs-tools/bin/../lib/gcc/arm-none-eabi/4.7.2/thumb2/libgcc.a(_arm_fixsfsi.o)
                              src/feature_accel_discs.c.7.o (__aeabi_f2iz)

Allocating common symbols
Common symbol       size              file

lastData            0xf               src/feature_accel_discs.c.7.o

Discarded input sections

 .text          0x0000000000000000        0x0 /Users/johnrogers/pebble-dev/PebbleSDK-2.3/arm-cs-tools/bin/../lib/gcc/arm-none-eabi/4.7.2/thumb2/crti.o
 .bss           0x0000000000000000        0x0 /Users/johnrogers/pebble-dev/PebbleSDK-2.3/arm-cs-tools/bin/../lib/gcc/arm-none-eabi/4.7.2/thumb2/crti.o
 .init          0x0000000000000000        0x4 /Users/johnrogers/pebble-dev/PebbleSDK-2.3/arm-cs-tools/bin/../lib/gcc/arm-none-eabi/4.7.2/thumb2/crti.o
 .fini          0x0000000000000000        0x4 /Users/johnrogers/pebble-dev/PebbleSDK-2.3/arm-cs-tools/bin/../lib/gcc/arm-none-eabi/4.7.2/thumb2/crti.o
 .text          0x0000000000000000       0xc8 /Users/johnrogers/pebble-dev/PebbleSDK-2.3/arm-cs-tools/bin/../lib/gcc/arm-none-eabi/4.7.2/thumb2/crtbegin.o
 .bss           0x0000000000000000       0x1c /Users/johnrogers/pebble-dev/PebbleSDK-2.3/arm-cs-tools/bin/../lib/gcc/arm-none-eabi/4.7.2/thumb2/crtbegin.o
 .init_array    0x0000000000000000        0x4 /Users/johnrogers/pebble-dev/PebbleSDK-2.3/arm-cs-tools/bin/../lib/gcc/arm-none-eabi/4.7.2/thumb2/crtbegin.o
 .fini_array    0x0000000000000000        0x4 /Users/johnrogers/pebble-dev/PebbleSDK-2.3/arm-cs-tools/bin/../lib/gcc/arm-none-eabi/4.7.2/thumb2/crtbegin.o
 .eh_frame      0x0000000000000000        0x0 /Users/johnrogers/pebble-dev/PebbleSDK-2.3/arm-cs-tools/bin/../lib/gcc/arm-none-eabi/4.7.2/thumb2/crtbegin.o
 .jcr           0x0000000000000000        0x0 /Users/johnrogers/pebble-dev/PebbleSDK-2.3/arm-cs-tools/bin/../lib/gcc/arm-none-eabi/4.7.2/thumb2/crtbegin.o
 .tm_clone_table
                0x0000000000000000        0x0 /Users/johnrogers/pebble-dev/PebbleSDK-2.3/arm-cs-tools/bin/../lib/gcc/arm-none-eabi/4.7.2/thumb2/crtbegin.o
 .text          0x0000000000000000        0x0 src/feature_accel_discs.c.7.o
 .bss           0x0000000000000000        0x0 src/feature_accel_discs.c.7.o
 .text          0x0000000000000000        0x0 appinfo.auto.c.7.o
 .bss           0x0000000000000000        0x0 appinfo.auto.c.7.o
 .bss           0x0000000000000000        0x0 /Users/johnrogers/pebble-dev/PebbleSDK-2.3/Pebble/lib/libpebble.a(tmpAGzHFdpebble.o)
 .text.accel_data_service_subscribe__deprecated
                0x0000000000000000        0xc /Users/johnrogers/pebble-dev/PebbleSDK-2.3/Pebble/lib/libpebble.a(tmpAGzHFdpebble.o)
 .text.accel_service_set_samples_per_update
                0x0000000000000000        0xc /Users/johnrogers/pebble-dev/PebbleSDK-2.3/Pebble/lib/libpebble.a(tmpAGzHFdpebble.o)
 .text.accel_service_set_sampling_rate
                0x0000000000000000        0xc /Users/johnrogers/pebble-dev/PebbleSDK-2.3/Pebble/lib/libpebble.a(tmpAGzHFdpebble.o)
 .text.accel_tap_service_subscribe
                0x0000000000000000        0xc /Users/johnrogers/pebble-dev/PebbleSDK-2.3/Pebble/lib/libpebble.a(tmpAGzHFdpebble.o)
 .text.accel_tap_service_unsubscribe
                0x0000000000000000        0xc /Users/johnrogers/pebble-dev/PebbleSDK-2.3/Pebble/lib/libpebble.a(tmpAGzHFdpebble.o)
 .text.action_bar_layer_add_to_window
                0x0000000000000000        0xc /Users/johnrogers/pebble-dev/PebbleSDK-2.3/Pebble/lib/libpebble.a(tmpAGzHFdpebble.o)
 .text.action_bar_layer_clear_icon
                0x0000000000000000        0xc /Users/johnrogers/pebble-dev/PebbleSDK-2.3/Pebble/lib/libpebble.a(tmpAGzHFdpebble.o)
 .text.action_bar_layer_create
                0x0000000000000000        0xc /Users/johnrogers/pebble-dev/PebbleSDK-2.3/Pebble/lib/libpebble.a(tmpAGzHFdpebble.o)
 .text.action_bar_layer_destroy
                0x0000000000000000        0xc /Users/johnrogers/pebble-dev/PebbleSDK-2.3/Pebble/lib/libpebble.a(tmpAGzHFdpebble.o)
 .text.action_bar_layer_get_layer
                0x0000000000000000        0xc /Users/johnrogers/pebble-dev/PebbleSDK-2.3/Pebble/lib/libpebble.a(tmpAGzHFdpebble.o)
 .text.action_bar_layer_remove_from_window
                0x0000000000000000        0xc /Users/johnrogers/pebble-dev/PebbleSDK-2.3/Pebble/lib/libpebble.a(tmpAGzHFdpebble.o)
 .text.action_bar_layer_set_background_color
                0x0000000000000000        0xc /Users/johnrogers/pebble-dev/PebbleSDK-2.3/Pebble/lib/libpebble.a(tmpAGzHFdpebble.o)
 .text.action_bar_layer_set_click_config_provider
                0x0000000000000000        0xc /Users/johnrogers/pebble-dev/PebbleSDK-2.3/Pebble/lib/libpebble.a(tmpAGzHFdpebble.o)
 .text.action_bar_layer_set_context
                0x0000000000000000        0xc /Users/johnrogers/pebble-dev/PebbleSDK-2.3/Pebble/lib/libpebble.a(tmpAGzHFdpebble.o)
 .text.action_bar_layer_set_icon
                0x0000000000000000        0xc /Users/johnrogers/pebble-dev/PebbleSDK-2.3/Pebble/lib/libpebble.a(tmpAGzHFdpebble.o)
 .text.animation_create
                0x0000000000000000        0xc /Users/johnrogers/pebble-dev/PebbleSDK-2.3/Pebble/lib/libpebble.a(tmpAGzHFdpebble.o)
 .text.animation_destroy
                0x0000000000000000        0xc /Users/johnrogers/pebble-dev/PebbleSDK-2.3/Pebble/lib/libpebble.a(tmpAGzHFdpebble.o)
 .text.animation_get_context
                0x0000000000000000        0xc /Users/johnrogers/pebble-dev/PebbleSDK-2.3/Pebble/lib/libpebble.a(tmpAGzHFdpebble.o)
 .text.animation_is_scheduled
                0x0000000000000000        0xc /Users/johnrogers/pebble-dev/PebbleSDK-2.3/Pebble/lib/libpebble.a(tmpAGzHFdpebble.o)
 .text.animation_schedule
                0x0000000000000000        0xc /Users/johnrogers/pebble-dev/PebbleSDK-2.3/Pebble/lib/libpebble.a(tmpAGzHFdpebble.o)
 .text.animation_set_curve
                0x0000000000000000        0xc /Users/johnrogers/pebble-dev/PebbleSDK-2.3/Pebble/lib/libpebble.a(tmpAGzHFdpebble.o)
 .text.animation_set_delay
                0x0000000000000000        0xc /Users/johnrogers/pebble-dev/PebbleSDK-2.3/Pebble/lib/libpebble.a(tmpAGzHFdpebble.o)
 .text.animation_set_duration
                0x0000000000000000        0xc /Users/johnrogers/pebble-dev/PebbleSDK-2.3/Pebble/lib/libpebble.a(tmpAGzHFdpebble.o)
 .text.animation_set_handlers
                0x0000000000000000        0xc /Users/johnrogers/pebble-dev/PebbleSDK-2.3/Pebble/lib/libpebble.a(tmpAGzHFdpebble.o)
 .text.animation_set_implementation
                0x0000000000000000        0xc /Users/johnrogers/pebble-dev/PebbleSDK-2.3/Pebble/lib/libpebble.a(tmpAGzHFdpebble.o)
 .text.animation_unschedule
                0x0000000000000000        0xc /Users/johnrogers/pebble-dev/PebbleSDK-2.3/Pebble/lib/libpebble.a(tmpAGzHFdpebble.o)
 .text.animation_unschedule_all
                0x0000000000000000        0xc /Users/johnrogers/pebble-dev/PebbleSDK-2.3/Pebble/lib/libpebble.a(tmpAGzHFdpebble.o)
 .text.app_comm_get_sniff_interval
                0x0000000000000000        0xc /Users/johnrogers/pebble-dev/PebbleSDK-2.3/Pebble/lib/libpebble.a(tmpAGzHFdpebble.o)
 .text.app_comm_set_sniff_interval
                0x0000000000000000        0xc /Users/johnrogers/pebble-dev/PebbleSDK-2.3/Pebble/lib/libpebble.a(tmpAGzHFdpebble.o)
 .text.app_log  0x0000000000000000        0xc /Users/johnrogers/pebble-dev/PebbleSDK-2.3/Pebble/lib/libpebble.a(tmpAGzHFdpebble.o)
 .text.app_message_deregister_callbacks
                0x0000000000000000        0xc /Users/johnrogers/pebble-dev/PebbleSDK-2.3/Pebble/lib/libpebble.a(tmpAGzHFdpebble.o)
 .text.app_sync_deinit
                0x0000000000000000        0xc /Users/johnrogers/pebble-dev/PebbleSDK-2.3/Pebble/lib/libpebble.a(tmpAGzHFdpebble.o)
 .text.app_sync_get
                0x0000000000000000        0xc /Users/johnrogers/pebble-dev/PebbleSDK-2.3/Pebble/lib/libpebble.a(tmpAGzHFdpebble.o)
 .text.app_sync_init
                0x0000000000000000        0xc /Users/johnrogers/pebble-dev/PebbleSDK-2.3/Pebble/lib/libpebble.a(tmpAGzHFdpebble.o)
 .text.app_sync_set
                0x0000000000000000        0xc /Users/johnrogers/pebble-dev/PebbleSDK-2.3/Pebble/lib/libpebble.a(tmpAGzHFdpebble.o)
 .text.app_timer_cancel
                0x0000000000000000        0xc /Users/johnrogers/pebble-dev/PebbleSDK-2.3/Pebble/lib/libpebble.a(tmpAGzHFdpebble.o)
 .text.app_timer_reschedule
                0x0000000000000000        0xc /Users/johnrogers/pebble-dev/PebbleSDK-2.3/Pebble/lib/libpebble.a(tmpAGzHFdpebble.o)
 .text.atan2_lookup
                0x0000000000000000        0xc /Users/johnrogers/pebble-dev/PebbleSDK-2.3/Pebble/lib/libpebble.a(tmpAGzHFdpebble.o)
 .text.atoi     0x0000000000000000        0xc /Users/johnrogers/pebble-dev/PebbleSDK-2.3/Pebble/lib/libpebble.a(tmpAGzHFdpebble.o)
 .text.atol     0x0000000000000000        0xc /Users/johnrogers/pebble-dev/PebbleSDK-2.3/Pebble/lib/libpebble.a(tmpAGzHFdpebble.o)
 .text.battery_state_service_peek
                0x0000000000000000        0xc /Users/johnrogers/pebble-dev/PebbleSDK-2.3/Pebble/lib/libpebble.a(tmpAGzHFdpebble.o)
 .text.battery_state_service_subscribe
                0x0000000000000000        0xc /Users/johnrogers/pebble-dev/PebbleSDK-2.3/Pebble/lib/libpebble.a(tmpAGzHFdpebble.o)
 .text.battery_state_service_unsubscribe
                0x0000000000000000        0xc /Users/johnrogers/pebble-dev/PebbleSDK-2.3/Pebble/lib/libpebble.a(tmpAGzHFdpebble.o)
 .text.bitmap_layer_create
                0x0000000000000000        0xc /Users/johnrogers/pebble-dev/PebbleSDK-2.3/Pebble/lib/libpebble.a(tmpAGzHFdpebble.o)
 .text.bitmap_layer_destroy
                0x0000000000000000        0xc /Users/johnrogers/pebble-dev/PebbleSDK-2.3/Pebble/lib/libpebble.a(tmpAGzHFdpebble.o)
 .text.bitmap_layer_get_layer
                0x0000000000000000        0xc /Users/johnrogers/pebble-dev/PebbleSDK-2.3/Pebble/lib/libpebble.a(tmpAGzHFdpebble.o)
 .text.bitmap_layer_set_alignment
                0x0000000000000000        0xc /Users/johnrogers/pebble-dev/PebbleSDK-2.3/Pebble/lib/libpebble.a(tmpAGzHFdpebble.o)
 .text.bitmap_layer_set_background_color
                0x0000000000000000        0xc /Users/johnrogers/pebble-dev/PebbleSDK-2.3/Pebble/lib/libpebble.a(tmpAGzHFdpebble.o)
 .text.bitmap_layer_set_bitmap
                0x0000000000000000        0xc /Users/johnrogers/pebble-dev/PebbleSDK-2.3/Pebble/lib/libpebble.a(tmpAGzHFdpebble.o)
 .text.bitmap_layer_set_compositing_mode
                0x0000000000000000        0xc /Users/johnrogers/pebble-dev/PebbleSDK-2.3/Pebble/lib/libpebble.a(tmpAGzHFdpebble.o)
 .text.bluetooth_connection_service_peek
                0x0000000000000000        0xc /Users/johnrogers/pebble-dev/PebbleSDK-2.3/Pebble/lib/libpebble.a(tmpAGzHFdpebble.o)
 .text.bluetooth_connection_service_subscribe
                0x0000000000000000        0xc /Users/johnrogers/pebble-dev/PebbleSDK-2.3/Pebble/lib/libpebble.a(tmpAGzHFdpebble.o)
 .text.bluetooth_connection_service_unsubscribe
                0x0000000000000000        0xc /Users/johnrogers/pebble-dev/PebbleSDK-2.3/Pebble/lib/libpebble.a(tmpAGzHFdpebble.o)
 .text.click_number_of_clicks_counted
                0x0000000000000000        0xc /Users/johnrogers/pebble-dev/PebbleSDK-2.3/Pebble/lib/libpebble.a(tmpAGzHFdpebble.o)
 .text.click_recognizer_get_button_id
                0x0000000000000000        0xc /Users/johnrogers/pebble-dev/PebbleSDK-2.3/Pebble/lib/libpebble.a(tmpAGzHFdpebble.o)
 .text.clock_copy_time_string
                0x0000000000000000        0xc /Users/johnrogers/pebble-dev/PebbleSDK-2.3/Pebble/lib/libpebble.a(tmpAGzHFdpebble.o)
 .text.clock_is_24h_style
                0x0000000000000000        0xc /Users/johnrogers/pebble-dev/PebbleSDK-2.3/Pebble/lib/libpebble.a(tmpAGzHFdpebble.o)
 .text.cos_lookup
                0x0000000000000000        0xc /Users/johnrogers/pebble-dev/PebbleSDK-2.3/Pebble/lib/libpebble.a(tmpAGzHFdpebble.o)
 .text.data_logging_create
                0x0000000000000000        0xc /Users/johnrogers/pebble-dev/PebbleSDK-2.3/Pebble/lib/libpebble.a(tmpAGzHFdpebble.o)
 .text.data_logging_finish
                0x0000000000000000        0xc /Users/johnrogers/pebble-dev/PebbleSDK-2.3/Pebble/lib/libpebble.a(tmpAGzHFdpebble.o)
 .text.data_logging_log
                0x0000000000000000        0xc /Users/johnrogers/pebble-dev/PebbleSDK-2.3/Pebble/lib/libpebble.a(tmpAGzHFdpebble.o)
 .text.dict_calc_buffer_size
                0x0000000000000000        0xc /Users/johnrogers/pebble-dev/PebbleSDK-2.3/Pebble/lib/libpebble.a(tmpAGzHFdpebble.o)
 .text.dict_calc_buffer_size_from_tuplets
                0x0000000000000000        0xc /Users/johnrogers/pebble-dev/PebbleSDK-2.3/Pebble/lib/libpebble.a(tmpAGzHFdpebble.o)
 .text.dict_find
                0x0000000000000000        0xc /Users/johnrogers/pebble-dev/PebbleSDK-2.3/Pebble/lib/libpebble.a(tmpAGzHFdpebble.o)
 .text.dict_merge
                0x0000000000000000        0xc /Users/johnrogers/pebble-dev/PebbleSDK-2.3/Pebble/lib/libpebble.a(tmpAGzHFdpebble.o)
 .text.dict_read_begin_from_buffer
                0x0000000000000000        0xc /Users/johnrogers/pebble-dev/PebbleSDK-2.3/Pebble/lib/libpebble.a(tmpAGzHFdpebble.o)
 .text.dict_read_first
                0x0000000000000000        0xc /Users/johnrogers/pebble-dev/PebbleSDK-2.3/Pebble/lib/libpebble.a(tmpAGzHFdpebble.o)
 .text.dict_read_next
                0x0000000000000000        0xc /Users/johnrogers/pebble-dev/PebbleSDK-2.3/Pebble/lib/libpebble.a(tmpAGzHFdpebble.o)
 .text.dict_serialize_tuplets
                0x0000000000000000        0xc /Users/johnrogers/pebble-dev/PebbleSDK-2.3/Pebble/lib/libpebble.a(tmpAGzHFdpebble.o)
 .text.dict_serialize_tuplets_to_buffer__deprecated
                0x0000000000000000        0xc /Users/johnrogers/pebble-dev/PebbleSDK-2.3/Pebble/lib/libpebble.a(tmpAGzHFdpebble.o)
 .text.dict_serialize_tuplets_to_buffer_with_iter
                0x0000000000000000        0xc /Users/johnrogers/pebble-dev/PebbleSDK-2.3/Pebble/lib/libpebble.a(tmpAGzHFdpebble.o)
 .text.dict_write_begin
                0x0000000000000000        0xc /Users/johnrogers/pebble-dev/PebbleSDK-2.3/Pebble/lib/libpebble.a(tmpAGzHFdpebble.o)
 .text.dict_write_cstring
                0x0000000000000000        0xc /Users/johnrogers/pebble-dev/PebbleSDK-2.3/Pebble/lib/libpebble.a(tmpAGzHFdpebble.o)
 .text.dict_write_data
                0x0000000000000000        0xc /Users/johnrogers/pebble-dev/PebbleSDK-2.3/Pebble/lib/libpebble.a(tmpAGzHFdpebble.o)
 .text.dict_write_end
                0x0000000000000000        0xc /Users/johnrogers/pebble-dev/PebbleSDK-2.3/Pebble/lib/libpebble.a(tmpAGzHFdpebble.o)
 .text.dict_write_int
                0x0000000000000000        0xc /Users/johnrogers/pebble-dev/PebbleSDK-2.3/Pebble/lib/libpebble.a(tmpAGzHFdpebble.o)
 .text.dict_write_int16
                0x0000000000000000        0xc /Users/johnrogers/pebble-dev/PebbleSDK-2.3/Pebble/lib/libpebble.a(tmpAGzHFdpebble.o)
 .text.dict_write_int32
                0x0000000000000000        0xc /Users/johnrogers/pebble-dev/PebbleSDK-2.3/Pebble/lib/libpebble.a(tmpAGzHFdpebble.o)
 .text.dict_write_int8
                0x0000000000000000        0xc /Users/johnrogers/pebble-dev/PebbleSDK-2.3/Pebble/lib/libpebble.a(tmpAGzHFdpebble.o)
 .text.dict_write_uint16
                0x0000000000000000        0xc /Users/johnrogers/pebble-dev/PebbleSDK-2.3/Pebble/lib/libpebble.a(tmpAGzHFdpebble.o)
 .text.dict_write_uint32
                0x0000000000000000        0xc /Users/johnrogers/pebble-dev/PebbleSDK-2.3/Pebble/lib/libpebble.a(tmpAGzHFdpebble.o)
 .text.dict_write_uint8
                0x0000000000000000        0xc /Users/johnrogers/pebble-dev/PebbleSDK-2.3/Pebble/lib/libpebble.a(tmpAGzHFdpebble.o)
 .text.fonts_get_system_font
                0x0000000000000000        0xc /Users/johnrogers/pebble-dev/PebbleSDK-2.3/Pebble/lib/libpebble.a(tmpAGzHFdpebble.o)
 .text.fonts_load_custom_font
                0x0000000000000000        0xc /Users/johnrogers/pebble-dev/PebbleSDK-2.3/Pebble/lib/libpebble.a(tmpAGzHFdpebble.o)
 .text.fonts_unload_custom_font
                0x0000000000000000        0xc /Users/johnrogers/pebble-dev/PebbleSDK-2.3/Pebble/lib/libpebble.a(tmpAGzHFdpebble.o)
 .text.free     0x0000000000000000        0xc /Users/johnrogers/pebble-dev/PebbleSDK-2.3/Pebble/lib/libpebble.a(tmpAGzHFdpebble.o)
 .text.gbitmap_create_as_sub_bitmap
                0x0000000000000000        0xc /Users/johnrogers/pebble-dev/PebbleSDK-2.3/Pebble/lib/libpebble.a(tmpAGzHFdpebble.o)
 .text.gbitmap_create_with_data
                0x0000000000000000        0xc /Users/johnrogers/pebble-dev/PebbleSDK-2.3/Pebble/lib/libpebble.a(tmpAGzHFdpebble.o)
 .text.gbitmap_create_with_resource
                0x0000000000000000        0xc /Users/johnrogers/pebble-dev/PebbleSDK-2.3/Pebble/lib/libpebble.a(tmpAGzHFdpebble.o)
 .text.gbitmap_destroy
                0x0000000000000000        0xc /Users/johnrogers/pebble-dev/PebbleSDK-2.3/Pebble/lib/libpebble.a(tmpAGzHFdpebble.o)
 .text.gmtime   0x0000000000000000        0xc /Users/johnrogers/pebble-dev/PebbleSDK-2.3/Pebble/lib/libpebble.a(tmpAGzHFdpebble.o)
 .text.gpath_create
                0x0000000000000000        0xc /Users/johnrogers/pebble-dev/PebbleSDK-2.3/Pebble/lib/libpebble.a(tmpAGzHFdpebble.o)
 .text.gpath_destroy
                0x0000000000000000        0xc /Users/johnrogers/pebble-dev/PebbleSDK-2.3/Pebble/lib/libpebble.a(tmpAGzHFdpebble.o)
 .text.gpath_draw_filled
                0x0000000000000000        0xc /Users/johnrogers/pebble-dev/PebbleSDK-2.3/Pebble/lib/libpebble.a(tmpAGzHFdpebble.o)
 .text.gpath_draw_outline
                0x0000000000000000        0xc /Users/johnrogers/pebble-dev/PebbleSDK-2.3/Pebble/lib/libpebble.a(tmpAGzHFdpebble.o)
 .text.gpath_move_to
                0x0000000000000000        0xc /Users/johnrogers/pebble-dev/PebbleSDK-2.3/Pebble/lib/libpebble.a(tmpAGzHFdpebble.o)
 .text.gpath_rotate_to
                0x0000000000000000        0xc /Users/johnrogers/pebble-dev/PebbleSDK-2.3/Pebble/lib/libpebble.a(tmpAGzHFdpebble.o)
 .text.gpoint_equal
                0x0000000000000000        0xc /Users/johnrogers/pebble-dev/PebbleSDK-2.3/Pebble/lib/libpebble.a(tmpAGzHFdpebble.o)
 .text.graphics_context_set_compositing_mode
                0x0000000000000000        0xc /Users/johnrogers/pebble-dev/PebbleSDK-2.3/Pebble/lib/libpebble.a(tmpAGzHFdpebble.o)
 .text.graphics_context_set_fill_color
                0x0000000000000000        0xc /Users/johnrogers/pebble-dev/PebbleSDK-2.3/Pebble/lib/libpebble.a(tmpAGzHFdpebble.o)
 .text.graphics_context_set_stroke_color
                0x0000000000000000        0xc /Users/johnrogers/pebble-dev/PebbleSDK-2.3/Pebble/lib/libpebble.a(tmpAGzHFdpebble.o)
 .text.graphics_context_set_text_color
                0x0000000000000000        0xc /Users/johnrogers/pebble-dev/PebbleSDK-2.3/Pebble/lib/libpebble.a(tmpAGzHFdpebble.o)
 .text.graphics_draw_bitmap_in_rect
                0x0000000000000000        0xc /Users/johnrogers/pebble-dev/PebbleSDK-2.3/Pebble/lib/libpebble.a(tmpAGzHFdpebble.o)
 .text.graphics_draw_circle
                0x0000000000000000        0xc /Users/johnrogers/pebble-dev/PebbleSDK-2.3/Pebble/lib/libpebble.a(tmpAGzHFdpebble.o)
 .text.graphics_draw_line
                0x0000000000000000        0xc /Users/johnrogers/pebble-dev/PebbleSDK-2.3/Pebble/lib/libpebble.a(tmpAGzHFdpebble.o)
 .text.graphics_draw_pixel
                0x0000000000000000        0xc /Users/johnrogers/pebble-dev/PebbleSDK-2.3/Pebble/lib/libpebble.a(tmpAGzHFdpebble.o)
 .text.graphics_draw_rect
                0x0000000000000000        0xc /Users/johnrogers/pebble-dev/PebbleSDK-2.3/Pebble/lib/libpebble.a(tmpAGzHFdpebble.o)
 .text.graphics_draw_round_rect
                0x0000000000000000        0xc /Users/johnrogers/pebble-dev/PebbleSDK-2.3/Pebble/lib/libpebble.a(tmpAGzHFdpebble.o)
 .text.graphics_fill_circle
                0x0000000000000000        0xc /Users/johnrogers/pebble-dev/PebbleSDK-2.3/Pebble/lib/libpebble.a(tmpAGzHFdpebble.o)
 .text.graphics_fill_rect
                0x0000000000000000        0xc /Users/johnrogers/pebble-dev/PebbleSDK-2.3/Pebble/lib/libpebble.a(tmpAGzHFdpebble.o)
 .text.graphics_text_layout_get_max_used_size
                0x0000000000000000        0xc /Users/johnrogers/pebble-dev/PebbleSDK-2.3/Pebble/lib/libpebble.a(tmpAGzHFdpebble.o)
 .text.grect_align
                0x0000000000000000        0xc /Users/johnrogers/pebble-dev/PebbleSDK-2.3/Pebble/lib/libpebble.a(tmpAGzHFdpebble.o)
 .text.grect_center_point
                0x0000000000000000        0xc /Users/johnrogers/pebble-dev/PebbleSDK-2.3/Pebble/lib/libpebble.a(tmpAGzHFdpebble.o)
 .text.grect_clip
                0x0000000000000000        0xc /Users/johnrogers/pebble-dev/PebbleSDK-2.3/Pebble/lib/libpebble.a(tmpAGzHFdpebble.o)
 .text.grect_contains_point
                0x0000000000000000        0xc /Users/johnrogers/pebble-dev/PebbleSDK-2.3/Pebble/lib/libpebble.a(tmpAGzHFdpebble.o)
 .text.grect_crop
                0x0000000000000000        0xc /Users/johnrogers/pebble-dev/PebbleSDK-2.3/Pebble/lib/libpebble.a(tmpAGzHFdpebble.o)
 .text.grect_equal
                0x0000000000000000        0xc /Users/johnrogers/pebble-dev/PebbleSDK-2.3/Pebble/lib/libpebble.a(tmpAGzHFdpebble.o)
 .text.grect_is_empty
                0x0000000000000000        0xc /Users/johnrogers/pebble-dev/PebbleSDK-2.3/Pebble/lib/libpebble.a(tmpAGzHFdpebble.o)
 .text.grect_standardize
                0x0000000000000000        0xc /Users/johnrogers/pebble-dev/PebbleSDK-2.3/Pebble/lib/libpebble.a(tmpAGzHFdpebble.o)
 .text.gsize_equal
                0x0000000000000000        0xc /Users/johnrogers/pebble-dev/PebbleSDK-2.3/Pebble/lib/libpebble.a(tmpAGzHFdpebble.o)
 .text.inverter_layer_create
                0x0000000000000000        0xc /Users/johnrogers/pebble-dev/PebbleSDK-2.3/Pebble/lib/libpebble.a(tmpAGzHFdpebble.o)
 .text.inverter_layer_destroy
                0x0000000000000000        0xc /Users/johnrogers/pebble-dev/PebbleSDK-2.3/Pebble/lib/libpebble.a(tmpAGzHFdpebble.o)
 .text.inverter_layer_get_layer
                0x0000000000000000        0xc /Users/johnrogers/pebble-dev/PebbleSDK-2.3/Pebble/lib/libpebble.a(tmpAGzHFdpebble.o)
 .text.layer_create
                0x0000000000000000        0xc /Users/johnrogers/pebble-dev/PebbleSDK-2.3/Pebble/lib/libpebble.a(tmpAGzHFdpebble.o)
 .text.layer_create_with_data
                0x0000000000000000        0xc /Users/johnrogers/pebble-dev/PebbleSDK-2.3/Pebble/lib/libpebble.a(tmpAGzHFdpebble.o)
 .text.layer_get_bounds
                0x0000000000000000        0xc /Users/johnrogers/pebble-dev/PebbleSDK-2.3/Pebble/lib/libpebble.a(tmpAGzHFdpebble.o)
 .text.layer_get_clips
                0x0000000000000000        0xc /Users/johnrogers/pebble-dev/PebbleSDK-2.3/Pebble/lib/libpebble.a(tmpAGzHFdpebble.o)
 .text.layer_get_data
                0x0000000000000000        0xc /Users/johnrogers/pebble-dev/PebbleSDK-2.3/Pebble/lib/libpebble.a(tmpAGzHFdpebble.o)
 .text.layer_get_hidden
                0x0000000000000000        0xc /Users/johnrogers/pebble-dev/PebbleSDK-2.3/Pebble/lib/libpebble.a(tmpAGzHFdpebble.o)
 .text.layer_get_window
                0x0000000000000000        0xc /Users/johnrogers/pebble-dev/PebbleSDK-2.3/Pebble/lib/libpebble.a(tmpAGzHFdpebble.o)
 .text.layer_insert_above_sibling
                0x0000000000000000        0xc /Users/johnrogers/pebble-dev/PebbleSDK-2.3/Pebble/lib/libpebble.a(tmpAGzHFdpebble.o)
 .text.layer_insert_below_sibling
                0x0000000000000000        0xc /Users/johnrogers/pebble-dev/PebbleSDK-2.3/Pebble/lib/libpebble.a(tmpAGzHFdpebble.o)
 .text.layer_mark_dirty
                0x0000000000000000        0xc /Users/johnrogers/pebble-dev/PebbleSDK-2.3/Pebble/lib/libpebble.a(tmpAGzHFdpebble.o)
 .text.layer_remove_child_layers
                0x0000000000000000        0xc /Users/johnrogers/pebble-dev/PebbleSDK-2.3/Pebble/lib/libpebble.a(tmpAGzHFdpebble.o)
 .text.layer_remove_from_parent
                0x0000000000000000        0xc /Users/johnrogers/pebble-dev/PebbleSDK-2.3/Pebble/lib/libpebble.a(tmpAGzHFdpebble.o)
 .text.layer_set_bounds
                0x0000000000000000        0xc /Users/johnrogers/pebble-dev/PebbleSDK-2.3/Pebble/lib/libpebble.a(tmpAGzHFdpebble.o)
 .text.layer_set_clips
                0x0000000000000000        0xc /Users/johnrogers/pebble-dev/PebbleSDK-2.3/Pebble/lib/libpebble.a(tmpAGzHFdpebble.o)
 .text.layer_set_frame
                0x0000000000000000        0xc /Users/johnrogers/pebble-dev/PebbleSDK-2.3/Pebble/lib/libpebble.a(tmpAGzHFdpebble.o)
 .text.layer_set_hidden
                0x0000000000000000        0xc /Users/johnrogers/pebble-dev/PebbleSDK-2.3/Pebble/lib/libpebble.a(tmpAGzHFdpebble.o)
 .text.layer_set_update_proc
                0x0000000000000000        0xc /Users/johnrogers/pebble-dev/PebbleSDK-2.3/Pebble/lib/libpebble.a(tmpAGzHFdpebble.o)
 .text.light_enable
                0x0000000000000000        0xc /Users/johnrogers/pebble-dev/PebbleSDK-2.3/Pebble/lib/libpebble.a(tmpAGzHFdpebble.o)
 .text.light_enable_interaction
                0x0000000000000000        0xc /Users/johnrogers/pebble-dev/PebbleSDK-2.3/Pebble/lib/libpebble.a(tmpAGzHFdpebble.o)
 .text.localtime
                0x0000000000000000        0xc /Users/johnrogers/pebble-dev/PebbleSDK-2.3/Pebble/lib/libpebble.a(tmpAGzHFdpebble.o)
 .text.malloc   0x0000000000000000        0xc /Users/johnrogers/pebble-dev/PebbleSDK-2.3/Pebble/lib/libpebble.a(tmpAGzHFdpebble.o)
 .text.memcpy   0x0000000000000000        0xc /Users/johnrogers/pebble-dev/PebbleSDK-2.3/Pebble/lib/libpebble.a(tmpAGzHFdpebble.o)
 .text.memmove  0x0000000000000000        0xc /Users/johnrogers/pebble-dev/PebbleSDK-2.3/Pebble/lib/libpebble.a(tmpAGzHFdpebble.o)
 .text.menu_cell_basic_draw
                0x0000000000000000        0xc /Users/johnrogers/pebble-dev/PebbleSDK-2.3/Pebble/lib/libpebble.a(tmpAGzHFdpebble.o)
 .text.menu_cell_basic_header_draw
                0x0000000000000000        0xc /Users/johnrogers/pebble-dev/PebbleSDK-2.3/Pebble/lib/libpebble.a(tmpAGzHFdpebble.o)
 .text.menu_cell_title_draw
                0x0000000000000000        0xc /Users/johnrogers/pebble-dev/PebbleSDK-2.3/Pebble/lib/libpebble.a(tmpAGzHFdpebble.o)
 .text.menu_index_compare
                0x0000000000000000        0xc /Users/johnrogers/pebble-dev/PebbleSDK-2.3/Pebble/lib/libpebble.a(tmpAGzHFdpebble.o)
 .text.menu_layer_create
                0x0000000000000000        0xc /Users/johnrogers/pebble-dev/PebbleSDK-2.3/Pebble/lib/libpebble.a(tmpAGzHFdpebble.o)
 .text.menu_layer_destroy
                0x0000000000000000        0xc /Users/johnrogers/pebble-dev/PebbleSDK-2.3/Pebble/lib/libpebble.a(tmpAGzHFdpebble.o)
 .text.menu_layer_get_layer
                0x0000000000000000        0xc /Users/johnrogers/pebble-dev/PebbleSDK-2.3/Pebble/lib/libpebble.a(tmpAGzHFdpebble.o)
 .text.menu_layer_get_scroll_layer
                0x0000000000000000        0xc /Users/johnrogers/pebble-dev/PebbleSDK-2.3/Pebble/lib/libpebble.a(tmpAGzHFdpebble.o)
 .text.menu_layer_get_selected_index
                0x0000000000000000        0xc /Users/johnrogers/pebble-dev/PebbleSDK-2.3/Pebble/lib/libpebble.a(tmpAGzHFdpebble.o)
 .text.menu_layer_reload_data
                0x0000000000000000        0xc /Users/johnrogers/pebble-dev/PebbleSDK-2.3/Pebble/lib/libpebble.a(tmpAGzHFdpebble.o)
 .text.menu_layer_set_callbacks__deprecated
                0x0000000000000000        0xc /Users/johnrogers/pebble-dev/PebbleSDK-2.3/Pebble/lib/libpebble.a(tmpAGzHFdpebble.o)
 .text.menu_layer_set_click_config_onto_window
                0x0000000000000000        0xc /Users/johnrogers/pebble-dev/PebbleSDK-2.3/Pebble/lib/libpebble.a(tmpAGzHFdpebble.o)
 .text.menu_layer_set_selected_index
                0x0000000000000000        0xc /Users/johnrogers/pebble-dev/PebbleSDK-2.3/Pebble/lib/libpebble.a(tmpAGzHFdpebble.o)
 .text.menu_layer_set_selected_next
                0x0000000000000000        0xc /Users/johnrogers/pebble-dev/PebbleSDK-2.3/Pebble/lib/libpebble.a(tmpAGzHFdpebble.o)
 .text.number_window_create
                0x0000000000000000        0xc /Users/johnrogers/pebble-dev/PebbleSDK-2.3/Pebble/lib/libpebble.a(tmpAGzHFdpebble.o)
 .text.number_window_destroy
                0x0000000000000000        0xc /Users/johnrogers/pebble-dev/PebbleSDK-2.3/Pebble/lib/libpebble.a(tmpAGzHFdpebble.o)
 .text.number_window_get_value
                0x0000000000000000        0xc /Users/johnrogers/pebble-dev/PebbleSDK-2.3/Pebble/lib/libpebble.a(tmpAGzHFdpebble.o)
 .text.number_window_set_label
                0x0000000000000000        0xc /Users/johnrogers/pebble-dev/PebbleSDK-2.3/Pebble/lib/libpebble.a(tmpAGzHFdpebble.o)
 .text.number_window_set_max
                0x0000000000000000        0xc /Users/johnrogers/pebble-dev/PebbleSDK-2.3/Pebble/lib/libpebble.a(tmpAGzHFdpebble.o)
 .text.number_window_set_min
                0x0000000000000000        0xc /Users/johnrogers/pebble-dev/PebbleSDK-2.3/Pebble/lib/libpebble.a(tmpAGzHFdpebble.o)
 .text.number_window_set_step_size
                0x0000000000000000        0xc /Users/johnrogers/pebble-dev/PebbleSDK-2.3/Pebble/lib/libpebble.a(tmpAGzHFdpebble.o)
 .text.number_window_set_value
                0x0000000000000000        0xc /Users/johnrogers/pebble-dev/PebbleSDK-2.3/Pebble/lib/libpebble.a(tmpAGzHFdpebble.o)
 .text.persist_delete
                0x0000000000000000        0xc /Users/johnrogers/pebble-dev/PebbleSDK-2.3/Pebble/lib/libpebble.a(tmpAGzHFdpebble.o)
 .text.persist_exists
                0x0000000000000000        0xc /Users/johnrogers/pebble-dev/PebbleSDK-2.3/Pebble/lib/libpebble.a(tmpAGzHFdpebble.o)
 .text.persist_get_size
                0x0000000000000000        0xc /Users/johnrogers/pebble-dev/PebbleSDK-2.3/Pebble/lib/libpebble.a(tmpAGzHFdpebble.o)
 .text.persist_read_bool
                0x0000000000000000        0xc /Users/johnrogers/pebble-dev/PebbleSDK-2.3/Pebble/lib/libpebble.a(tmpAGzHFdpebble.o)
 .text.persist_read_data__deprecated
                0x0000000000000000        0xc /Users/johnrogers/pebble-dev/PebbleSDK-2.3/Pebble/lib/libpebble.a(tmpAGzHFdpebble.o)
 .text.persist_read_int
                0x0000000000000000        0xc /Users/johnrogers/pebble-dev/PebbleSDK-2.3/Pebble/lib/libpebble.a(tmpAGzHFdpebble.o)
 .text.persist_read_string__deprecated
                0x0000000000000000        0xc /Users/johnrogers/pebble-dev/PebbleSDK-2.3/Pebble/lib/libpebble.a(tmpAGzHFdpebble.o)
 .text.persist_write_bool
                0x0000000000000000        0xc /Users/johnrogers/pebble-dev/PebbleSDK-2.3/Pebble/lib/libpebble.a(tmpAGzHFdpebble.o)
 .text.persist_write_data__deprecated
                0x0000000000000000        0xc /Users/johnrogers/pebble-dev/PebbleSDK-2.3/Pebble/lib/libpebble.a(tmpAGzHFdpebble.o)
 .text.persist_write_int
                0x0000000000000000        0xc /Users/johnrogers/pebble-dev/PebbleSDK-2.3/Pebble/lib/libpebble.a(tmpAGzHFdpebble.o)
 .text.persist_write_string
                0x0000000000000000        0xc /Users/johnrogers/pebble-dev/PebbleSDK-2.3/Pebble/lib/libpebble.a(tmpAGzHFdpebble.o)
 .text.property_animation_create
                0x0000000000000000        0xc /Users/johnrogers/pebble-dev/PebbleSDK-2.3/Pebble/lib/libpebble.a(tmpAGzHFdpebble.o)
 .text.property_animation_create_layer_frame
                0x0000000000000000        0xc /Users/johnrogers/pebble-dev/PebbleSDK-2.3/Pebble/lib/libpebble.a(tmpAGzHFdpebble.o)
 .text.property_animation_destroy
                0x0000000000000000        0xc /Users/johnrogers/pebble-dev/PebbleSDK-2.3/Pebble/lib/libpebble.a(tmpAGzHFdpebble.o)
 .text.property_animation_update_gpoint
                0x0000000000000000        0xc /Users/johnrogers/pebble-dev/PebbleSDK-2.3/Pebble/lib/libpebble.a(tmpAGzHFdpebble.o)
 .text.property_animation_update_grect
                0x0000000000000000        0xc /Users/johnrogers/pebble-dev/PebbleSDK-2.3/Pebble/lib/libpebble.a(tmpAGzHFdpebble.o)
 .text.property_animation_update_int16
                0x0000000000000000        0xc /Users/johnrogers/pebble-dev/PebbleSDK-2.3/Pebble/lib/libpebble.a(tmpAGzHFdpebble.o)
 .text.psleep   0x0000000000000000        0xc /Users/johnrogers/pebble-dev/PebbleSDK-2.3/Pebble/lib/libpebble.a(tmpAGzHFdpebble.o)
 .text.rand     0x0000000000000000        0xc /Users/johnrogers/pebble-dev/PebbleSDK-2.3/Pebble/lib/libpebble.a(tmpAGzHFdpebble.o)
 .text.resource_get_handle
                0x0000000000000000        0xc /Users/johnrogers/pebble-dev/PebbleSDK-2.3/Pebble/lib/libpebble.a(tmpAGzHFdpebble.o)
 .text.resource_load
                0x0000000000000000        0xc /Users/johnrogers/pebble-dev/PebbleSDK-2.3/Pebble/lib/libpebble.a(tmpAGzHFdpebble.o)
 .text.resource_load_byte_range
                0x0000000000000000        0xc /Users/johnrogers/pebble-dev/PebbleSDK-2.3/Pebble/lib/libpebble.a(tmpAGzHFdpebble.o)
 .text.resource_size
                0x0000000000000000        0xc /Users/johnrogers/pebble-dev/PebbleSDK-2.3/Pebble/lib/libpebble.a(tmpAGzHFdpebble.o)
 .text.rot_bitmap_layer_create
                0x0000000000000000        0xc /Users/johnrogers/pebble-dev/PebbleSDK-2.3/Pebble/lib/libpebble.a(tmpAGzHFdpebble.o)
 .text.rot_bitmap_layer_destroy
                0x0000000000000000        0xc /Users/johnrogers/pebble-dev/PebbleSDK-2.3/Pebble/lib/libpebble.a(tmpAGzHFdpebble.o)
 .text.rot_bitmap_layer_increment_angle
                0x0000000000000000        0xc /Users/johnrogers/pebble-dev/PebbleSDK-2.3/Pebble/lib/libpebble.a(tmpAGzHFdpebble.o)
 .text.rot_bitmap_layer_set_angle
                0x0000000000000000        0xc /Users/johnrogers/pebble-dev/PebbleSDK-2.3/Pebble/lib/libpebble.a(tmpAGzHFdpebble.o)
 .text.rot_bitmap_layer_set_corner_clip_color
                0x0000000000000000        0xc /Users/johnrogers/pebble-dev/PebbleSDK-2.3/Pebble/lib/libpebble.a(tmpAGzHFdpebble.o)
 .text.rot_bitmap_set_compositing_mode
                0x0000000000000000        0xc /Users/johnrogers/pebble-dev/PebbleSDK-2.3/Pebble/lib/libpebble.a(tmpAGzHFdpebble.o)
 .text.rot_bitmap_set_src_ic
                0x0000000000000000        0xc /Users/johnrogers/pebble-dev/PebbleSDK-2.3/Pebble/lib/libpebble.a(tmpAGzHFdpebble.o)
 .text.scroll_layer_add_child
                0x0000000000000000        0xc /Users/johnrogers/pebble-dev/PebbleSDK-2.3/Pebble/lib/libpebble.a(tmpAGzHFdpebble.o)
 .text.scroll_layer_create
                0x0000000000000000        0xc /Users/johnrogers/pebble-dev/PebbleSDK-2.3/Pebble/lib/libpebble.a(tmpAGzHFdpebble.o)
 .text.scroll_layer_destroy
                0x0000000000000000        0xc /Users/johnrogers/pebble-dev/PebbleSDK-2.3/Pebble/lib/libpebble.a(tmpAGzHFdpebble.o)
 .text.scroll_layer_get_content_offset
                0x0000000000000000        0xc /Users/johnrogers/pebble-dev/PebbleSDK-2.3/Pebble/lib/libpebble.a(tmpAGzHFdpebble.o)
 .text.scroll_layer_get_content_size
                0x0000000000000000        0xc /Users/johnrogers/pebble-dev/PebbleSDK-2.3/Pebble/lib/libpebble.a(tmpAGzHFdpebble.o)
 .text.scroll_layer_get_layer
                0x0000000000000000        0xc /Users/johnrogers/pebble-dev/PebbleSDK-2.3/Pebble/lib/libpebble.a(tmpAGzHFdpebble.o)
 .text.scroll_layer_get_shadow_hidden
                0x0000000000000000        0xc /Users/johnrogers/pebble-dev/PebbleSDK-2.3/Pebble/lib/libpebble.a(tmpAGzHFdpebble.o)
 .text.scroll_layer_scroll_down_click_handler
                0x0000000000000000        0xc /Users/johnrogers/pebble-dev/PebbleSDK-2.3/Pebble/lib/libpebble.a(tmpAGzHFdpebble.o)
 .text.scroll_layer_scroll_up_click_handler
                0x0000000000000000        0xc /Users/johnrogers/pebble-dev/PebbleSDK-2.3/Pebble/lib/libpebble.a(tmpAGzHFdpebble.o)
 .text.scroll_layer_set_callbacks
                0x0000000000000000        0xc /Users/johnrogers/pebble-dev/PebbleSDK-2.3/Pebble/lib/libpebble.a(tmpAGzHFdpebble.o)
 .text.scroll_layer_set_click_config_onto_window
                0x0000000000000000        0xc /Users/johnrogers/pebble-dev/PebbleSDK-2.3/Pebble/lib/libpebble.a(tmpAGzHFdpebble.o)
 .text.scroll_layer_set_content_offset
                0x0000000000000000        0xc /Users/johnrogers/pebble-dev/PebbleSDK-2.3/Pebble/lib/libpebble.a(tmpAGzHFdpebble.o)
 .text.scroll_layer_set_content_size
                0x0000000000000000        0xc /Users/johnrogers/pebble-dev/PebbleSDK-2.3/Pebble/lib/libpebble.a(tmpAGzHFdpebble.o)
 .text.scroll_layer_set_context
                0x0000000000000000        0xc /Users/johnrogers/pebble-dev/PebbleSDK-2.3/Pebble/lib/libpebble.a(tmpAGzHFdpebble.o)
 .text.scroll_layer_set_frame
                0x0000000000000000        0xc /Users/johnrogers/pebble-dev/PebbleSDK-2.3/Pebble/lib/libpebble.a(tmpAGzHFdpebble.o)
 .text.scroll_layer_set_shadow_hidden
                0x0000000000000000        0xc /Users/johnrogers/pebble-dev/PebbleSDK-2.3/Pebble/lib/libpebble.a(tmpAGzHFdpebble.o)
 .text.simple_menu_layer_create
                0x0000000000000000        0xc /Users/johnrogers/pebble-dev/PebbleSDK-2.3/Pebble/lib/libpebble.a(tmpAGzHFdpebble.o)
 .text.simple_menu_layer_destroy
                0x0000000000000000        0xc /Users/johnrogers/pebble-dev/PebbleSDK-2.3/Pebble/lib/libpebble.a(tmpAGzHFdpebble.o)
 .text.simple_menu_layer_get_layer
                0x0000000000000000        0xc /Users/johnrogers/pebble-dev/PebbleSDK-2.3/Pebble/lib/libpebble.a(tmpAGzHFdpebble.o)
 .text.simple_menu_layer_get_selected_index
                0x0000000000000000        0xc /Users/johnrogers/pebble-dev/PebbleSDK-2.3/Pebble/lib/libpebble.a(tmpAGzHFdpebble.o)
 .text.simple_menu_layer_set_selected_index
                0x0000000000000000        0xc /Users/johnrogers/pebble-dev/PebbleSDK-2.3/Pebble/lib/libpebble.a(tmpAGzHFdpebble.o)
 .text.sin_lookup
                0x0000000000000000        0xc /Users/johnrogers/pebble-dev/PebbleSDK-2.3/Pebble/lib/libpebble.a(tmpAGzHFdpebble.o)
 .text.srand    0x0000000000000000        0xc /Users/johnrogers/pebble-dev/PebbleSDK-2.3/Pebble/lib/libpebble.a(tmpAGzHFdpebble.o)
 .text.strcat   0x0000000000000000        0xc /Users/johnrogers/pebble-dev/PebbleSDK-2.3/Pebble/lib/libpebble.a(tmpAGzHFdpebble.o)
 .text.strcmp   0x0000000000000000        0xc /Users/johnrogers/pebble-dev/PebbleSDK-2.3/Pebble/lib/libpebble.a(tmpAGzHFdpebble.o)
 .text.strcpy   0x0000000000000000        0xc /Users/johnrogers/pebble-dev/PebbleSDK-2.3/Pebble/lib/libpebble.a(tmpAGzHFdpebble.o)
 .text.strftime
                0x0000000000000000        0xc /Users/johnrogers/pebble-dev/PebbleSDK-2.3/Pebble/lib/libpebble.a(tmpAGzHFdpebble.o)
 .text.strlen   0x0000000000000000        0xc /Users/johnrogers/pebble-dev/PebbleSDK-2.3/Pebble/lib/libpebble.a(tmpAGzHFdpebble.o)
 .text.strncat  0x0000000000000000        0xc /Users/johnrogers/pebble-dev/PebbleSDK-2.3/Pebble/lib/libpebble.a(tmpAGzHFdpebble.o)
 .text.strncmp  0x0000000000000000        0xc /Users/johnrogers/pebble-dev/PebbleSDK-2.3/Pebble/lib/libpebble.a(tmpAGzHFdpebble.o)
 .text.strncpy  0x0000000000000000        0xc /Users/johnrogers/pebble-dev/PebbleSDK-2.3/Pebble/lib/libpebble.a(tmpAGzHFdpebble.o)
 .text.text_layer_destroy
                0x0000000000000000        0xc /Users/johnrogers/pebble-dev/PebbleSDK-2.3/Pebble/lib/libpebble.a(tmpAGzHFdpebble.o)
 .text.text_layer_get_content_size
                0x0000000000000000        0xc /Users/johnrogers/pebble-dev/PebbleSDK-2.3/Pebble/lib/libpebble.a(tmpAGzHFdpebble.o)
 .text.text_layer_get_text
                0x0000000000000000        0xc /Users/johnrogers/pebble-dev/PebbleSDK-2.3/Pebble/lib/libpebble.a(tmpAGzHFdpebble.o)
 .text.text_layer_set_background_color
                0x0000000000000000        0xc /Users/johnrogers/pebble-dev/PebbleSDK-2.3/Pebble/lib/libpebble.a(tmpAGzHFdpebble.o)
 .text.text_layer_set_font
                0x0000000000000000        0xc /Users/johnrogers/pebble-dev/PebbleSDK-2.3/Pebble/lib/libpebble.a(tmpAGzHFdpebble.o)
 .text.text_layer_set_overflow_mode
                0x0000000000000000        0xc /Users/johnrogers/pebble-dev/PebbleSDK-2.3/Pebble/lib/libpebble.a(tmpAGzHFdpebble.o)
 .text.text_layer_set_size
                0x0000000000000000        0xc /Users/johnrogers/pebble-dev/PebbleSDK-2.3/Pebble/lib/libpebble.a(tmpAGzHFdpebble.o)
 .text.text_layer_set_text_color
                0x0000000000000000        0xc /Users/johnrogers/pebble-dev/PebbleSDK-2.3/Pebble/lib/libpebble.a(tmpAGzHFdpebble.o)
 .text.tick_timer_service_subscribe
                0x0000000000000000        0xc /Users/johnrogers/pebble-dev/PebbleSDK-2.3/Pebble/lib/libpebble.a(tmpAGzHFdpebble.o)
 .text.tick_timer_service_unsubscribe
                0x0000000000000000        0xc /Users/johnrogers/pebble-dev/PebbleSDK-2.3/Pebble/lib/libpebble.a(tmpAGzHFdpebble.o)
 .text.time     0x0000000000000000        0xc /Users/johnrogers/pebble-dev/PebbleSDK-2.3/Pebble/lib/libpebble.a(tmpAGzHFdpebble.o)
 .text.time_ms  0x0000000000000000        0xc /Users/johnrogers/pebble-dev/PebbleSDK-2.3/Pebble/lib/libpebble.a(tmpAGzHFdpebble.o)
 .text.vibes_cancel
                0x0000000000000000        0xc /Users/johnrogers/pebble-dev/PebbleSDK-2.3/Pebble/lib/libpebble.a(tmpAGzHFdpebble.o)
 .text.vibes_double_pulse
                0x0000000000000000        0xc /Users/johnrogers/pebble-dev/PebbleSDK-2.3/Pebble/lib/libpebble.a(tmpAGzHFdpebble.o)
 .text.vibes_enqueue_custom_pattern
                0x0000000000000000        0xc /Users/johnrogers/pebble-dev/PebbleSDK-2.3/Pebble/lib/libpebble.a(tmpAGzHFdpebble.o)
 .text.vibes_long_pulse
                0x0000000000000000        0xc /Users/johnrogers/pebble-dev/PebbleSDK-2.3/Pebble/lib/libpebble.a(tmpAGzHFdpebble.o)
 .text.vibes_short_pulse
                0x0000000000000000        0xc /Users/johnrogers/pebble-dev/PebbleSDK-2.3/Pebble/lib/libpebble.a(tmpAGzHFdpebble.o)
 .text.window_get_click_config_provider
                0x0000000000000000        0xc /Users/johnrogers/pebble-dev/PebbleSDK-2.3/Pebble/lib/libpebble.a(tmpAGzHFdpebble.o)
 .text.window_get_fullscreen
                0x0000000000000000        0xc /Users/johnrogers/pebble-dev/PebbleSDK-2.3/Pebble/lib/libpebble.a(tmpAGzHFdpebble.o)
 .text.window_is_loaded
                0x0000000000000000        0xc /Users/johnrogers/pebble-dev/PebbleSDK-2.3/Pebble/lib/libpebble.a(tmpAGzHFdpebble.o)
 .text.window_set_click_config_provider
                0x0000000000000000        0xc /Users/johnrogers/pebble-dev/PebbleSDK-2.3/Pebble/lib/libpebble.a(tmpAGzHFdpebble.o)
 .text.window_set_click_config_provider_with_context
                0x0000000000000000        0xc /Users/johnrogers/pebble-dev/PebbleSDK-2.3/Pebble/lib/libpebble.a(tmpAGzHFdpebble.o)
 .text.window_set_fullscreen
                0x0000000000000000        0xc /Users/johnrogers/pebble-dev/PebbleSDK-2.3/Pebble/lib/libpebble.a(tmpAGzHFdpebble.o)
 .text.window_set_status_bar_icon
                0x0000000000000000        0xc /Users/johnrogers/pebble-dev/PebbleSDK-2.3/Pebble/lib/libpebble.a(tmpAGzHFdpebble.o)
 .text.window_stack_contains_window
                0x0000000000000000        0xc /Users/johnrogers/pebble-dev/PebbleSDK-2.3/Pebble/lib/libpebble.a(tmpAGzHFdpebble.o)
 .text.window_stack_get_top_window
                0x0000000000000000        0xc /Users/johnrogers/pebble-dev/PebbleSDK-2.3/Pebble/lib/libpebble.a(tmpAGzHFdpebble.o)
 .text.window_stack_pop
                0x0000000000000000        0xc /Users/johnrogers/pebble-dev/PebbleSDK-2.3/Pebble/lib/libpebble.a(tmpAGzHFdpebble.o)
 .text.window_stack_pop_all
                0x0000000000000000        0xc /Users/johnrogers/pebble-dev/PebbleSDK-2.3/Pebble/lib/libpebble.a(tmpAGzHFdpebble.o)
 .text.window_stack_remove
                0x0000000000000000        0xc /Users/johnrogers/pebble-dev/PebbleSDK-2.3/Pebble/lib/libpebble.a(tmpAGzHFdpebble.o)
 .text.app_focus_service_subscribe
                0x0000000000000000        0xc /Users/johnrogers/pebble-dev/PebbleSDK-2.3/Pebble/lib/libpebble.a(tmpAGzHFdpebble.o)
 .text.app_focus_service_unsubscribe
                0x0000000000000000        0xc /Users/johnrogers/pebble-dev/PebbleSDK-2.3/Pebble/lib/libpebble.a(tmpAGzHFdpebble.o)
 .text.window_get_user_data
                0x0000000000000000        0xc /Users/johnrogers/pebble-dev/PebbleSDK-2.3/Pebble/lib/libpebble.a(tmpAGzHFdpebble.o)
 .text.window_set_user_data
                0x0000000000000000        0xc /Users/johnrogers/pebble-dev/PebbleSDK-2.3/Pebble/lib/libpebble.a(tmpAGzHFdpebble.o)
 .text.app_message_get_context
                0x0000000000000000        0xc /Users/johnrogers/pebble-dev/PebbleSDK-2.3/Pebble/lib/libpebble.a(tmpAGzHFdpebble.o)
 .text.app_message_inbox_size_maximum
                0x0000000000000000        0xc /Users/johnrogers/pebble-dev/PebbleSDK-2.3/Pebble/lib/libpebble.a(tmpAGzHFdpebble.o)
 .text.app_message_outbox_size_maximum
                0x0000000000000000        0xc /Users/johnrogers/pebble-dev/PebbleSDK-2.3/Pebble/lib/libpebble.a(tmpAGzHFdpebble.o)
 .text.app_message_set_context
                0x0000000000000000        0xc /Users/johnrogers/pebble-dev/PebbleSDK-2.3/Pebble/lib/libpebble.a(tmpAGzHFdpebble.o)
 .text.window_long_click_subscribe
                0x0000000000000000        0xc /Users/johnrogers/pebble-dev/PebbleSDK-2.3/Pebble/lib/libpebble.a(tmpAGzHFdpebble.o)
 .text.window_multi_click_subscribe
                0x0000000000000000        0xc /Users/johnrogers/pebble-dev/PebbleSDK-2.3/Pebble/lib/libpebble.a(tmpAGzHFdpebble.o)
 .text.window_raw_click_subscribe
                0x0000000000000000        0xc /Users/johnrogers/pebble-dev/PebbleSDK-2.3/Pebble/lib/libpebble.a(tmpAGzHFdpebble.o)
 .text.window_set_click_context
                0x0000000000000000        0xc /Users/johnrogers/pebble-dev/PebbleSDK-2.3/Pebble/lib/libpebble.a(tmpAGzHFdpebble.o)
 .text.window_single_click_subscribe
                0x0000000000000000        0xc /Users/johnrogers/pebble-dev/PebbleSDK-2.3/Pebble/lib/libpebble.a(tmpAGzHFdpebble.o)
 .text.window_single_repeating_click_subscribe
                0x0000000000000000        0xc /Users/johnrogers/pebble-dev/PebbleSDK-2.3/Pebble/lib/libpebble.a(tmpAGzHFdpebble.o)
 .text.graphics_draw_text
                0x0000000000000000        0xc /Users/johnrogers/pebble-dev/PebbleSDK-2.3/Pebble/lib/libpebble.a(tmpAGzHFdpebble.o)
 .text.dict_serialize_tuplets_to_buffer
                0x0000000000000000        0xc /Users/johnrogers/pebble-dev/PebbleSDK-2.3/Pebble/lib/libpebble.a(tmpAGzHFdpebble.o)
 .text.persist_read_data
                0x0000000000000000        0xc /Users/johnrogers/pebble-dev/PebbleSDK-2.3/Pebble/lib/libpebble.a(tmpAGzHFdpebble.o)
 .text.persist_read_string
                0x0000000000000000        0xc /Users/johnrogers/pebble-dev/PebbleSDK-2.3/Pebble/lib/libpebble.a(tmpAGzHFdpebble.o)
 .text.persist_write_data
                0x0000000000000000        0xc /Users/johnrogers/pebble-dev/PebbleSDK-2.3/Pebble/lib/libpebble.a(tmpAGzHFdpebble.o)
 .text.dict_size
                0x0000000000000000        0xc /Users/johnrogers/pebble-dev/PebbleSDK-2.3/Pebble/lib/libpebble.a(tmpAGzHFdpebble.o)
 .text.graphics_text_layout_get_content_size
                0x0000000000000000        0xc /Users/johnrogers/pebble-dev/PebbleSDK-2.3/Pebble/lib/libpebble.a(tmpAGzHFdpebble.o)
 .text.simple_menu_layer_get_menu_layer
                0x0000000000000000        0xc /Users/johnrogers/pebble-dev/PebbleSDK-2.3/Pebble/lib/libpebble.a(tmpAGzHFdpebble.o)
 .text.calloc   0x0000000000000000        0xc /Users/johnrogers/pebble-dev/PebbleSDK-2.3/Pebble/lib/libpebble.a(tmpAGzHFdpebble.o)
 .text.bitmap_layer_get_bitmap
                0x0000000000000000        0xc /Users/johnrogers/pebble-dev/PebbleSDK-2.3/Pebble/lib/libpebble.a(tmpAGzHFdpebble.o)
 .text.menu_layer_set_callbacks
                0x0000000000000000        0xc /Users/johnrogers/pebble-dev/PebbleSDK-2.3/Pebble/lib/libpebble.a(tmpAGzHFdpebble.o)
 .text.window_get_click_config_context
                0x0000000000000000        0xc /Users/johnrogers/pebble-dev/PebbleSDK-2.3/Pebble/lib/libpebble.a(tmpAGzHFdpebble.o)
 .bss           0x0000000000000000        0x0 /Users/johnrogers/pebble-dev/PebbleSDK-2.3/arm-cs-tools/bin/../lib/gcc/arm-none-eabi/4.7.2/thumb2/libgcc.a(_arm_addsubsf3.o)
 .bss           0x0000000000000000        0x0 /Users/johnrogers/pebble-dev/PebbleSDK-2.3/arm-cs-tools/bin/../lib/gcc/arm-none-eabi/4.7.2/thumb2/libgcc.a(_arm_muldivsf3.o)
 .bss           0x0000000000000000        0x0 /Users/johnrogers/pebble-dev/PebbleSDK-2.3/arm-cs-tools/bin/../lib/gcc/arm-none-eabi/4.7.2/thumb2/libgcc.a(_arm_fixsfsi.o)
 .text          0x0000000000000000        0x0 /Users/johnrogers/pebble-dev/PebbleSDK-2.3/arm-cs-tools/bin/../lib/gcc/arm-none-eabi/4.7.2/thumb2/crtend.o
 .bss           0x0000000000000000        0x0 /Users/johnrogers/pebble-dev/PebbleSDK-2.3/arm-cs-tools/bin/../lib/gcc/arm-none-eabi/4.7.2/thumb2/crtend.o
 .eh_frame      0x0000000000000000        0x4 /Users/johnrogers/pebble-dev/PebbleSDK-2.3/arm-cs-tools/bin/../lib/gcc/arm-none-eabi/4.7.2/thumb2/crtend.o
 .jcr           0x0000000000000000        0x4 /Users/johnrogers/pebble-dev/PebbleSDK-2.3/arm-cs-tools/bin/../lib/gcc/arm-none-eabi/4.7.2/thumb2/crtend.o
 .tm_clone_table
                0x0000000000000000        0x0 /Users/johnrogers/pebble-dev/PebbleSDK-2.3/arm-cs-tools/bin/../lib/gcc/arm-none-eabi/4.7.2/thumb2/crtend.o
 .text          0x0000000000000000        0x0 /Users/johnrogers/pebble-dev/PebbleSDK-2.3/arm-cs-tools/bin/../lib/gcc/arm-none-eabi/4.7.2/thumb2/crtn.o
 .bss           0x0000000000000000        0x0 /Users/johnrogers/pebble-dev/PebbleSDK-2.3/arm-cs-tools/bin/../lib/gcc/arm-none-eabi/4.7.2/thumb2/crtn.o
 .init          0x0000000000000000        0x8 /Users/johnrogers/pebble-dev/PebbleSDK-2.3/arm-cs-tools/bin/../lib/gcc/arm-none-eabi/4.7.2/thumb2/crtn.o
 .fini          0x0000000000000000        0x8 /Users/johnrogers/pebble-dev/PebbleSDK-2.3/arm-cs-tools/bin/../lib/gcc/arm-none-eabi/4.7.2/thumb2/crtn.o

Memory Configuration

Name             Origin             Length             Attributes
APP              0x0000000000000000 0x0000000000006000 xrw
*default*        0x0000000000000000 0xffffffffffffffff

Linker script and memory map

LOAD /Users/johnrogers/pebble-dev/PebbleSDK-2.3/arm-cs-tools/bin/../lib/gcc/arm-none-eabi/4.7.2/thumb2/crti.o
LOAD /Users/johnrogers/pebble-dev/PebbleSDK-2.3/arm-cs-tools/bin/../lib/gcc/arm-none-eabi/4.7.2/thumb2/crtbegin.o
LOAD src/feature_accel_discs.c.7.o
LOAD appinfo.auto.c.7.o
LOAD /Users/johnrogers/pebble-dev/PebbleSDK-2.3/Pebble/lib/libpebble.a
START GROUP
LOAD /Users/johnrogers/pebble-dev/PebbleSDK-2.3/arm-cs-tools/bin/../lib/gcc/arm-none-eabi/4.7.2/thumb2/libgcc.a
LOAD /Users/johnrogers/pebble-dev/PebbleSDK-2.3/arm-cs-tools/bin/../lib/gcc/arm-none-eabi/4.7.2/../../../../arm-none-eabi/lib/thumb2/libc.a
END GROUP
LOAD /Users/johnrogers/pebble-dev/PebbleSDK-2.3/arm-cs-tools/bin/../lib/gcc/arm-none-eabi/4.7.2/thumb2/crtend.o
LOAD /Users/johnrogers/pebble-dev/PebbleSDK-2.3/arm-cs-tools/bin/../lib/gcc/arm-none-eabi/4.7.2/thumb2/crtn.o

.header         0x0000000000000000       0x82
 *(.pbl_header)
 .pbl_header    0x0000000000000000       0x82 appinfo.auto.c.7.o
                0x0000000000000000                __pbl_app_info

.text           0x0000000000000084      0x8be
 *(.text)
 .text          0x0000000000000084       0x14 /Users/johnrogers/pebble-dev/PebbleSDK-2.3/Pebble/lib/libpebble.a(tmpAGzHFdpebble.o)
 .text          0x0000000000000098      0x21c /Users/johnrogers/pebble-dev/PebbleSDK-2.3/arm-cs-tools/bin/../lib/gcc/arm-none-eabi/4.7.2/thumb2/libgcc.a(_arm_addsubsf3.o)
                0x0000000000000098                __aeabi_frsub
                0x00000000000000a0                __aeabi_fsub
                0x00000000000000a0                __subsf3
                0x00000000000000a4                __aeabi_fadd
                0x00000000000000a4                __addsf3
                0x0000000000000204                __aeabi_ui2f
                0x0000000000000204                __floatunsisf
                0x000000000000020c                __floatsisf
                0x000000000000020c                __aeabi_i2f
                0x0000000000000228                __aeabi_ul2f
                0x0000000000000228                __floatundisf
                0x0000000000000238                __aeabi_l2f
                0x0000000000000238                __floatdisf
 .text          0x00000000000002b4      0x2a0 /Users/johnrogers/pebble-dev/PebbleSDK-2.3/arm-cs-tools/bin/../lib/gcc/arm-none-eabi/4.7.2/thumb2/libgcc.a(_arm_muldivsf3.o)
                0x00000000000002b4                __mulsf3
                0x00000000000002b4                __aeabi_fmul
                0x000000000000041c                __divsf3
                0x000000000000041c                __aeabi_fdiv
 .text          0x0000000000000554       0x4c /Users/johnrogers/pebble-dev/PebbleSDK-2.3/arm-cs-tools/bin/../lib/gcc/arm-none-eabi/4.7.2/thumb2/libgcc.a(_arm_fixsfsi.o)
                0x0000000000000554                __fixsfsi
                0x0000000000000554                __aeabi_f2iz
 *(.text.*)
 .text.out_sent_handler
                0x00000000000005a0        0x2 src/feature_accel_discs.c.7.o
                0x00000000000005a0                out_sent_handler
 .text.out_failed_handler
                0x00000000000005a2        0x2 src/feature_accel_discs.c.7.o
                0x00000000000005a2                out_failed_handler
 .text.in_received_handler
                0x00000000000005a4        0x2 src/feature_accel_discs.c.7.o
                0x00000000000005a4                in_received_handler
 .text.in_dropped_handler
                0x00000000000005a6        0x2 src/feature_accel_discs.c.7.o
                0x00000000000005a6                in_dropped_handler
 .text.timer_callback
                0x00000000000005a8       0xec src/feature_accel_discs.c.7.o
 .text.window_unload
                0x0000000000000694       0x10 src/feature_accel_discs.c.7.o
 .text.window_load
                0x00000000000006a4       0x7c src/feature_accel_discs.c.7.o
 .text.startup.main
                0x0000000000000720       0xc0 src/feature_accel_discs.c.7.o
                0x0000000000000720                main
 .text.accel_data_service_unsubscribe
                0x00000000000007e0        0xc /Users/johnrogers/pebble-dev/PebbleSDK-2.3/Pebble/lib/libpebble.a(tmpAGzHFdpebble.o)
                0x00000000000007e0                accel_data_service_unsubscribe
 .text.accel_service_peek
                0x00000000000007ec        0xc /Users/johnrogers/pebble-dev/PebbleSDK-2.3/Pebble/lib/libpebble.a(tmpAGzHFdpebble.o)
                0x00000000000007ec                accel_service_peek
 .text.app_event_loop
                0x00000000000007f8        0xc /Users/johnrogers/pebble-dev/PebbleSDK-2.3/Pebble/lib/libpebble.a(tmpAGzHFdpebble.o)
                0x00000000000007f8                app_event_loop
 .text.app_message_open
                0x0000000000000804        0xc /Users/johnrogers/pebble-dev/PebbleSDK-2.3/Pebble/lib/libpebble.a(tmpAGzHFdpebble.o)
                0x0000000000000804                app_message_open
 .text.app_timer_register
                0x0000000000000810        0xc /Users/johnrogers/pebble-dev/PebbleSDK-2.3/Pebble/lib/libpebble.a(tmpAGzHFdpebble.o)
                0x0000000000000810                app_timer_register
 .text.dict_write_tuplet
                0x000000000000081c        0xc /Users/johnrogers/pebble-dev/PebbleSDK-2.3/Pebble/lib/libpebble.a(tmpAGzHFdpebble.o)
                0x000000000000081c                dict_write_tuplet
 .text.layer_add_child
                0x0000000000000828        0xc /Users/johnrogers/pebble-dev/PebbleSDK-2.3/Pebble/lib/libpebble.a(tmpAGzHFdpebble.o)
                0x0000000000000828                layer_add_child
 .text.layer_destroy
                0x0000000000000834        0xc /Users/johnrogers/pebble-dev/PebbleSDK-2.3/Pebble/lib/libpebble.a(tmpAGzHFdpebble.o)
                0x0000000000000834                layer_destroy
 .text.layer_get_frame
                0x0000000000000840        0xc /Users/johnrogers/pebble-dev/PebbleSDK-2.3/Pebble/lib/libpebble.a(tmpAGzHFdpebble.o)
                0x0000000000000840                layer_get_frame
 .text.memset   0x000000000000084c        0xc /Users/johnrogers/pebble-dev/PebbleSDK-2.3/Pebble/lib/libpebble.a(tmpAGzHFdpebble.o)
                0x000000000000084c                memset
 .text.snprintf
                0x0000000000000858        0xc /Users/johnrogers/pebble-dev/PebbleSDK-2.3/Pebble/lib/libpebble.a(tmpAGzHFdpebble.o)
                0x0000000000000858                snprintf
 .text.text_layer_create
                0x0000000000000864        0xc /Users/johnrogers/pebble-dev/PebbleSDK-2.3/Pebble/lib/libpebble.a(tmpAGzHFdpebble.o)
                0x0000000000000864                text_layer_create
 .text.text_layer_get_layer
                0x0000000000000870        0xc /Users/johnrogers/pebble-dev/PebbleSDK-2.3/Pebble/lib/libpebble.a(tmpAGzHFdpebble.o)
                0x0000000000000870                text_layer_get_layer
 .text.text_layer_set_text
                0x000000000000087c        0xc /Users/johnrogers/pebble-dev/PebbleSDK-2.3/Pebble/lib/libpebble.a(tmpAGzHFdpebble.o)
                0x000000000000087c                text_layer_set_text
 .text.text_layer_set_text_alignment
                0x0000000000000888        0xc /Users/johnrogers/pebble-dev/PebbleSDK-2.3/Pebble/lib/libpebble.a(tmpAGzHFdpebble.o)
                0x0000000000000888                text_layer_set_text_alignment
 .text.window_create
                0x0000000000000894        0xc /Users/johnrogers/pebble-dev/PebbleSDK-2.3/Pebble/lib/libpebble.a(tmpAGzHFdpebble.o)
                0x0000000000000894                window_create
 .text.window_destroy
                0x00000000000008a0        0xc /Users/johnrogers/pebble-dev/PebbleSDK-2.3/Pebble/lib/libpebble.a(tmpAGzHFdpebble.o)
                0x00000000000008a0                window_destroy
 .text.window_get_root_layer
                0x00000000000008ac        0xc /Users/johnrogers/pebble-dev/PebbleSDK-2.3/Pebble/lib/libpebble.a(tmpAGzHFdpebble.o)
                0x00000000000008ac                window_get_root_layer
 .text.window_set_background_color
                0x00000000000008b8        0xc /Users/johnrogers/pebble-dev/PebbleSDK-2.3/Pebble/lib/libpebble.a(tmpAGzHFdpebble.o)
                0x00000000000008b8                window_set_background_color
 .text.window_set_window_handlers
                0x00000000000008c4        0xc /Users/johnrogers/pebble-dev/PebbleSDK-2.3/Pebble/lib/libpebble.a(tmpAGzHFdpebble.o)
                0x00000000000008c4                window_set_window_handlers
 .text.window_stack_push
                0x00000000000008d0        0xc /Users/johnrogers/pebble-dev/PebbleSDK-2.3/Pebble/lib/libpebble.a(tmpAGzHFdpebble.o)
                0x00000000000008d0                window_stack_push
 .text.app_message_outbox_begin
                0x00000000000008dc        0xc /Users/johnrogers/pebble-dev/PebbleSDK-2.3/Pebble/lib/libpebble.a(tmpAGzHFdpebble.o)
                0x00000000000008dc                app_message_outbox_begin
 .text.app_message_outbox_send
                0x00000000000008e8        0xc /Users/johnrogers/pebble-dev/PebbleSDK-2.3/Pebble/lib/libpebble.a(tmpAGzHFdpebble.o)
                0x00000000000008e8                app_message_outbox_send
 .text.app_message_register_inbox_dropped
                0x00000000000008f4        0xc /Users/johnrogers/pebble-dev/PebbleSDK-2.3/Pebble/lib/libpebble.a(tmpAGzHFdpebble.o)
                0x00000000000008f4                app_message_register_inbox_dropped
 .text.app_message_register_inbox_received
                0x0000000000000900        0xc /Users/johnrogers/pebble-dev/PebbleSDK-2.3/Pebble/lib/libpebble.a(tmpAGzHFdpebble.o)
                0x0000000000000900                app_message_register_inbox_received
 .text.app_message_register_outbox_failed
                0x000000000000090c        0xc /Users/johnrogers/pebble-dev/PebbleSDK-2.3/Pebble/lib/libpebble.a(tmpAGzHFdpebble.o)
                0x000000000000090c                app_message_register_outbox_failed
 .text.app_message_register_outbox_sent
                0x0000000000000918        0xc /Users/johnrogers/pebble-dev/PebbleSDK-2.3/Pebble/lib/libpebble.a(tmpAGzHFdpebble.o)
                0x0000000000000918                app_message_register_outbox_sent
 .text.accel_data_service_subscribe
                0x0000000000000924        0xc /Users/johnrogers/pebble-dev/PebbleSDK-2.3/Pebble/lib/libpebble.a(tmpAGzHFdpebble.o)
                0x0000000000000924                accel_data_service_subscribe
 *(.rodata)
 *(.rodata*)
 .rodata.str1.1
                0x0000000000000930       0x12 src/feature_accel_discs.c.7.o

.glue_7         0x0000000000000944        0x0
 .glue_7        0x0000000000000000        0x0 linker stubs

.glue_7t        0x0000000000000944        0x0
 .glue_7t       0x0000000000000000        0x0 linker stubs

.vfp11_veneer   0x0000000000000944        0x0
 .vfp11_veneer  0x0000000000000000        0x0 linker stubs

.v4_bx          0x0000000000000944        0x0
 .v4_bx         0x0000000000000000        0x0 linker stubs

.iplt           0x0000000000000944        0x0
 .iplt          0x0000000000000000        0x0 /Users/johnrogers/pebble-dev/PebbleSDK-2.3/arm-cs-tools/bin/../lib/gcc/arm-none-eabi/4.7.2/thumb2/crtbegin.o

.rel.dyn        0x0000000000000944        0x0
 .rel.iplt      0x0000000000000000        0x0 /Users/johnrogers/pebble-dev/PebbleSDK-2.3/arm-cs-tools/bin/../lib/gcc/arm-none-eabi/4.7.2/thumb2/crtbegin.o
 .rel.got       0x0000000000000000        0x0 /Users/johnrogers/pebble-dev/PebbleSDK-2.3/arm-cs-tools/bin/../lib/gcc/arm-none-eabi/4.7.2/thumb2/crtbegin.o

.data           0x0000000000000944        0x4
 *(.data)
 .data          0x0000000000000944        0x0 /Users/johnrogers/pebble-dev/PebbleSDK-2.3/arm-cs-tools/bin/../lib/gcc/arm-none-eabi/4.7.2/thumb2/crti.o
 .data          0x0000000000000944        0x4 /Users/johnrogers/pebble-dev/PebbleSDK-2.3/arm-cs-tools/bin/../lib/gcc/arm-none-eabi/4.7.2/thumb2/crtbegin.o
                0x0000000000000944                __dso_handle
 .data          0x0000000000000948        0x0 src/feature_accel_discs.c.7.o
 .data          0x0000000000000948        0x0 appinfo.auto.c.7.o
 .data          0x0000000000000948        0x0 /Users/johnrogers/pebble-dev/PebbleSDK-2.3/Pebble/lib/libpebble.a(tmpAGzHFdpebble.o)
 .data          0x0000000000000948        0x0 /Users/johnrogers/pebble-dev/PebbleSDK-2.3/arm-cs-tools/bin/../lib/gcc/arm-none-eabi/4.7.2/thumb2/libgcc.a(_arm_addsubsf3.o)
 .data          0x0000000000000948        0x0 /Users/johnrogers/pebble-dev/PebbleSDK-2.3/arm-cs-tools/bin/../lib/gcc/arm-none-eabi/4.7.2/thumb2/libgcc.a(_arm_muldivsf3.o)
 .data          0x0000000000000948        0x0 /Users/johnrogers/pebble-dev/PebbleSDK-2.3/arm-cs-tools/bin/../lib/gcc/arm-none-eabi/4.7.2/thumb2/libgcc.a(_arm_fixsfsi.o)
 .data          0x0000000000000948        0x0 /Users/johnrogers/pebble-dev/PebbleSDK-2.3/arm-cs-tools/bin/../lib/gcc/arm-none-eabi/4.7.2/thumb2/crtend.o
 .data          0x0000000000000948        0x0 /Users/johnrogers/pebble-dev/PebbleSDK-2.3/arm-cs-tools/bin/../lib/gcc/arm-none-eabi/4.7.2/thumb2/crtn.o
 *(.data.*)

.igot.plt       0x0000000000000948        0x0
 .igot.plt      0x0000000000000000        0x0 /Users/johnrogers/pebble-dev/PebbleSDK-2.3/arm-cs-tools/bin/../lib/gcc/arm-none-eabi/4.7.2/thumb2/crtbegin.o

.got            0x0000000000000948        0x4
 .got           0x0000000000000948        0x4 /Users/johnrogers/pebble-dev/PebbleSDK-2.3/arm-cs-tools/bin/../lib/gcc/arm-none-eabi/4.7.2/thumb2/crtbegin.o

.got.plt        0x000000000000094c        0xc
 .got.plt       0x000000000000094c        0xc /Users/johnrogers/pebble-dev/PebbleSDK-2.3/arm-cs-tools/bin/../lib/gcc/arm-none-eabi/4.7.2/thumb2/crtbegin.o
                0x000000000000094c                _GLOBAL_OFFSET_TABLE_

.bss            0x0000000000000958       0x8f
 *(.bss)
 *(.bss.*)
 .bss.i         0x0000000000000958        0x4 src/feature_accel_discs.c.7.o
 .bss.text_layer
                0x000000000000095c        0x4 src/feature_accel_discs.c.7.o
 .bss.disc_layer
                0x0000000000000960        0x4 src/feature_accel_discs.c.7.o
 .bss.window_frame
                0x0000000000000964        0x8 src/feature_accel_discs.c.7.o
 .bss.buff      0x000000000000096c       0x3c src/feature_accel_discs.c.7.o
 .bss.timer     0x00000000000009a8        0x4 src/feature_accel_discs.c.7.o
 .bss.message   0x00000000000009ac       0x28 src/feature_accel_discs.c.7.o
 .bss.window    0x00000000000009d4        0x4 src/feature_accel_discs.c.7.o
 COMMON         0x00000000000009d8        0xf src/feature_accel_discs.c.7.o
                0x00000000000009d8                lastData

DISCARD
 libc.a(*)
 libm.a(*)
 libgcc.a(*)
 *(.eh_frame)
OUTPUT(/Users/johnrogers/proj/TempoRun/MyWorkspace/TempoRun/accel-example/build/pebble-app.elf elf32-littlearm)

.ARM.attributes
                0x0000000000000000       0x27
 .ARM.attributes
                0x0000000000000000       0x19 /Users/johnrogers/pebble-dev/PebbleSDK-2.3/arm-cs-tools/bin/../lib/gcc/arm-none-eabi/4.7.2/thumb2/crti.o
 .ARM.attributes
                0x0000000000000019       0x29 /Users/johnrogers/pebble-dev/PebbleSDK-2.3/arm-cs-tools/bin/../lib/gcc/arm-none-eabi/4.7.2/thumb2/crtbegin.o
 .ARM.attributes
                0x0000000000000042       0x33 src/feature_accel_discs.c.7.o
 .ARM.attributes
                0x0000000000000075       0x33 appinfo.auto.c.7.o
 .ARM.attributes
                0x00000000000000a8       0x21 /Users/johnrogers/pebble-dev/PebbleSDK-2.3/Pebble/lib/libpebble.a(tmpAGzHFdpebble.o)
 .ARM.attributes
                0x00000000000000c9       0x19 /Users/johnrogers/pebble-dev/PebbleSDK-2.3/arm-cs-tools/bin/../lib/gcc/arm-none-eabi/4.7.2/thumb2/libgcc.a(_arm_addsubsf3.o)
 .ARM.attributes
                0x00000000000000e2       0x19 /Users/johnrogers/pebble-dev/PebbleSDK-2.3/arm-cs-tools/bin/../lib/gcc/arm-none-eabi/4.7.2/thumb2/libgcc.a(_arm_muldivsf3.o)
 .ARM.attributes
                0x00000000000000fb       0x19 /Users/johnrogers/pebble-dev/PebbleSDK-2.3/arm-cs-tools/bin/../lib/gcc/arm-none-eabi/4.7.2/thumb2/libgcc.a(_arm_fixsfsi.o)
 .ARM.attributes
                0x0000000000000114       0x29 /Users/johnrogers/pebble-dev/PebbleSDK-2.3/arm-cs-tools/bin/../lib/gcc/arm-none-eabi/4.7.2/thumb2/crtend.o
 .ARM.attributes
                0x000000000000013d       0x19 /Users/johnrogers/pebble-dev/PebbleSDK-2.3/arm-cs-tools/bin/../lib/gcc/arm-none-eabi/4.7.2/thumb2/crtn.o

.comment        0x0000000000000000       0x4e
 .comment       0x0000000000000000       0x4e /Users/johnrogers/pebble-dev/PebbleSDK-2.3/arm-cs-tools/bin/../lib/gcc/arm-none-eabi/4.7.2/thumb2/crtbegin.o
                                         0x4f (size before relaxing)
 .comment       0x0000000000000000       0x4f src/feature_accel_discs.c.7.o
 .comment       0x0000000000000000       0x4f appinfo.auto.c.7.o
 .comment       0x0000000000000000       0x4f /Users/johnrogers/pebble-dev/PebbleSDK-2.3/arm-cs-tools/bin/../lib/gcc/arm-none-eabi/4.7.2/thumb2/crtend.o

.debug_info     0x0000000000000000     0x1637
 .debug_info    0x0000000000000000     0x10e0 src/feature_accel_discs.c.7.o
 .debug_info    0x00000000000010e0      0x32c appinfo.auto.c.7.o
 .debug_info    0x000000000000140c       0xb9 /Users/johnrogers/pebble-dev/PebbleSDK-2.3/arm-cs-tools/bin/../lib/gcc/arm-none-eabi/4.7.2/thumb2/libgcc.a(_arm_addsubsf3.o)
 .debug_info    0x00000000000014c5       0xb9 /Users/johnrogers/pebble-dev/PebbleSDK-2.3/arm-cs-tools/bin/../lib/gcc/arm-none-eabi/4.7.2/thumb2/libgcc.a(_arm_muldivsf3.o)
 .debug_info    0x000000000000157e       0xb9 /Users/johnrogers/pebble-dev/PebbleSDK-2.3/arm-cs-tools/bin/../lib/gcc/arm-none-eabi/4.7.2/thumb2/libgcc.a(_arm_fixsfsi.o)

.debug_abbrev   0x0000000000000000      0x4a9
 .debug_abbrev  0x0000000000000000      0x3b9 src/feature_accel_discs.c.7.o
 .debug_abbrev  0x00000000000003b9       0xb4 appinfo.auto.c.7.o
 .debug_abbrev  0x000000000000046d       0x14 /Users/johnrogers/pebble-dev/PebbleSDK-2.3/arm-cs-tools/bin/../lib/gcc/arm-none-eabi/4.7.2/thumb2/libgcc.a(_arm_addsubsf3.o)
 .debug_abbrev  0x0000000000000481       0x14 /Users/johnrogers/pebble-dev/PebbleSDK-2.3/arm-cs-tools/bin/../lib/gcc/arm-none-eabi/4.7.2/thumb2/libgcc.a(_arm_muldivsf3.o)
 .debug_abbrev  0x0000000000000495       0x14 /Users/johnrogers/pebble-dev/PebbleSDK-2.3/arm-cs-tools/bin/../lib/gcc/arm-none-eabi/4.7.2/thumb2/libgcc.a(_arm_fixsfsi.o)

.debug_loc      0x0000000000000000      0x265
 .debug_loc     0x0000000000000000      0x265 src/feature_accel_discs.c.7.o

.debug_aranges  0x0000000000000000       0xd0
 .debug_aranges
                0x0000000000000000       0x58 src/feature_accel_discs.c.7.o
 .debug_aranges
                0x0000000000000058       0x18 appinfo.auto.c.7.o
 .debug_aranges
                0x0000000000000070       0x20 /Users/johnrogers/pebble-dev/PebbleSDK-2.3/arm-cs-tools/bin/../lib/gcc/arm-none-eabi/4.7.2/thumb2/libgcc.a(_arm_addsubsf3.o)
 .debug_aranges
                0x0000000000000090       0x20 /Users/johnrogers/pebble-dev/PebbleSDK-2.3/arm-cs-tools/bin/../lib/gcc/arm-none-eabi/4.7.2/thumb2/libgcc.a(_arm_muldivsf3.o)
 .debug_aranges
                0x00000000000000b0       0x20 /Users/johnrogers/pebble-dev/PebbleSDK-2.3/arm-cs-tools/bin/../lib/gcc/arm-none-eabi/4.7.2/thumb2/libgcc.a(_arm_fixsfsi.o)

.debug_ranges   0x0000000000000000       0xa8
 .debug_ranges  0x0000000000000000       0xa8 src/feature_accel_discs.c.7.o

.debug_line     0x0000000000000000      0x707
 .debug_line    0x0000000000000000      0x2ee src/feature_accel_discs.c.7.o
 .debug_line    0x00000000000002ee      0x122 appinfo.auto.c.7.o
 .debug_line    0x0000000000000410      0x128 /Users/johnrogers/pebble-dev/PebbleSDK-2.3/arm-cs-tools/bin/../lib/gcc/arm-none-eabi/4.7.2/thumb2/libgcc.a(_arm_addsubsf3.o)
 .debug_line    0x0000000000000538      0x149 /Users/johnrogers/pebble-dev/PebbleSDK-2.3/arm-cs-tools/bin/../lib/gcc/arm-none-eabi/4.7.2/thumb2/libgcc.a(_arm_muldivsf3.o)
 .debug_line    0x0000000000000681       0x86 /Users/johnrogers/pebble-dev/PebbleSDK-2.3/arm-cs-tools/bin/../lib/gcc/arm-none-eabi/4.7.2/thumb2/libgcc.a(_arm_fixsfsi.o)

.debug_str      0x0000000000000000      0xa45
 .debug_str     0x0000000000000000      0x8c6 src/feature_accel_discs.c.7.o
                                        0x984 (size before relaxing)
 .debug_str     0x00000000000008c6      0x17f appinfo.auto.c.7.o
                                        0x2a3 (size before relaxing)

.debug_frame    0x0000000000000000       0xc0
 .debug_frame   0x0000000000000000       0xc0 src/feature_accel_discs.c.7.o
